C51 COMPILER V8.06   MAIN                                                                  08/05/2017 22:52:59 PAGE 1   


C51 COMPILER V8.06, COMPILATION OF MODULE MAIN
OBJECT MODULE PLACED IN main.OBJ
COMPILER INVOKED BY: C:\Keil\C51\BIN\C51.EXE main.c BROWSE DEBUG OBJECTEXTEND

line level    source

   1          #include<reg52.h>
   2          #define uint unsigned int 
   3          #define uchar unsigned char 
   4          sbit dula=P2^6;
   5          sbit wela=P2^7;
   6          sbit d1=P1^0;
   7          uchar num;
   8          uchar tt;
   9          uchar code table[]={
  10          0x3f,0x06,0x5b,0x4f,
  11          0x66,0x6d,0x7d,0x07,
  12          0x7f,0x6f,0x77,0x7c,
  13          0x39,0x5e,0x79,0x71};
  14          void main()
  15          {
  16   1              num=0;
  17   1              tt=0;
  18   1              TMOD=0x01;//设置定时器0为工作方式1
  19   1              TH0=(65536-10000)/256;
  20   1              TL0=(65536-10000)%256;
  21   1              EA=1;//开总中断
  22   1              ET0=1;//开定时器0中断
  23   1              TR0=1;//启动定时器0
  24   1              wela=1;//11101010
  25   1              P0=0x00;
  26   1              wela=0;
  27   1              dula=1;
  28   1              P0=0x3f;
  29   1              dula=0;
  30   1              while(1)
  31   1              {
  32   2                      if(tt==20)
  33   2                         {
  34   3                                      tt=0;
  35   3                                      num++;
  36   3                                      if(num==16)
  37   3                                      {
  38   4                                              num=0;
  39   4                                      }
  40   3                                      dula=1;
  41   3                                      P0=table[num];
  42   3                                      dula=0;
  43   3                                              
  44   3                              }
  45   2              }
  46   1      }
  47          
  48          void time() interrupt 1
  49          {
  50   1              TH0=(65536-50000)/256;
  51   1              TL0=(65536-50000)%256;
  52   1              tt++;
  53   1      }


C51 COMPILER V8.06   MAIN                                                                  08/05/2017 22:52:59 PAGE 2   

MODULE INFORMATION:   STATIC OVERLAYABLE
   CODE SIZE        =     74    ----
   CONSTANT SIZE    =     16    ----
   XDATA SIZE       =   ----    ----
   PDATA SIZE       =   ----    ----
   DATA SIZE        =      2    ----
   IDATA SIZE       =   ----    ----
   BIT SIZE         =   ----    ----
END OF MODULE INFORMATION.


C51 COMPILATION COMPLETE.  0 WARNING(S),  0 ERROR(S)
